[www.freescreenrecording.com/index.html]
[backblue.gif]
[fade.gif]
[index.html]
[www.freescreenrecording.com/content/fonts/EuclidCircularB-Regular.woff2]
[www.freescreenrecording.com/content/fonts/EuclidCircularB-Medium.woff2]
[www.freescreenrecording.com/datacache/css/f474b859a8d2b869dfd1be3b795da71d_20200129132218.css]
[www.freescreenrecording.com/datacache/css/63373a448ce1238bd495d3ea4cb8c2c9_20200129132218.css]
[www.freescreenrecording.com/css/print.css]
[www.freescreenrecording.com/favicon.ico]
[www.freescreenrecording.com/apple-icon.png]
[www.google-analytics.com/analytics.js]
[www.freescreenrecording.com/cam-pro.html]
[www.freescreenrecording.com/legal/terms_of_use.pdf]
[www.freescreenrecording.com/company/policy/privacy.pdf]
[www.freescreenrecording.com/legal/freeware_license_agreement.pdf]
[www.freescreenrecording.com/images/freecam/top-1.jpg]
[www.freescreenrecording.com/content/images/pixel-grey.gif]
[www.freescreenrecording.com/images/pixel-grey.gif]
[www.freescreenrecording.com/legal/terms_of_use]
[www.freescreenrecording.com/company/policy/privacy]
[www.freescreenrecording.com/legal/cookie_policy]
[www.freescreenrecording.com/datacache/js/55e2ca736efc2bd60427c351730b188a_20200129132218.js]
[www.freescreenrecording.com/datacache/js/4c33c6644adad081c906683769d7a07f_20200129132218.js]
[www.freescreenrecording.com/index.html]
[www.freescreenrecording.com/datacache/css/f474b859a8d2b869dfd1be3b795da71d_20200129132218.css]
[www.freescreenrecording.com/ispring_bitrix/content/images/gradient/scroll-product-menu.png]
[www.freescreenrecording.com/images/icons/close-btn.svg]
[www.freescreenrecording.com/content/fonts/EuclidCircularB-Regular.woff]
[www.freescreenrecording.com/content/fonts/EuclidCircularB-Regular.ttf]
[www.freescreenrecording.com/content/fonts/EuclidCircularB-Medium.woff]
[www.freescreenrecording.com/content/fonts/EuclidCircularB-Medium.ttf]
[www.freescreenrecording.com/datacache/css/63373a448ce1238bd495d3ea4cb8c2c9_20200129132218.css]
[www.freescreenrecording.com/css/print.css]
[www.freescreenrecording.com/datacache/css/7313c2889e99507d5164ff6aaa2a3127_20200129132218.css]
[www.freescreenrecording.com/images/freecam/campro/pro-version.jpg]
[www.freescreenrecording.com/datacache/js/6fb7885492cec09d18cbd63a57e5b0b6_20200129132218.js]
[www.freescreenrecording.com/cam-pro.html]
[www.freescreenrecording.com/legal/terms_of_use.html]
[www.freescreenrecording.com/company/policy/privacy.html]
[www.freescreenrecording.com/legal/cookie_policy.html]
[www.freescreenrecording.com/images/icons/vector/freecam/pro-version-small-icon.svg]
[www.freescreenrecording.com/images/icons/vector/freecam/record-icon.svg]
[www.freescreenrecording.com/images/icons/vector/freecam/fine-tune-icon.svg]
[www.freescreenrecording.com/images/icons/vector/freecam/share-icon.svg]
[www.freescreenrecording.com/images/icons/vector/windows.svg]
[www.freescreenrecording.com/images/blocks/animated_form/ring-alt.svg]
[www.freescreenrecording.com/images/icons/vector/socials/linkedin.svg]
[www.freescreenrecording.com/images/icons/vector/socials/facebook.svg]
[www.freescreenrecording.com/images/icons/vector/socials/twitter.svg]
[www.freescreenrecording.com/images/blocks/checkbox/tick-blue.svg]
[www.freescreenrecording.com/ispring_bitrix/content/images/gradient/scroll-product-menu.html]
[www.freescreenrecording.com/images/icons/vector/freecam/triangle.svg]
[www.freescreenrecording.com/images/icons/vector/freecam/pro-version-icon.svg]
[www.freescreenrecording.com/images/icons/close-btn.html]
[www.freescreenrecording.com/images/freecam/popup/agree.svg]
[www.freescreenrecording.com/images/freecam/popup/freecam-girl.svg]
[www.freescreenrecording.com/datacache/css/7313c2889e99507d5164ff6aaa2a3127_20200129132218.css]
[www.freescreenrecording.com/images/freecam/icon/check.svg]
